ok  	proxyclient/internal/api	34.479s
